Microchip MPLAB XC8 Compiler V2.32

Linker command line:

-W-3 --edf=C:\Program Files\Microchip\xc8\v2.32\pic\dat\en_msgs.txt -cn \
  -h+dist/default/production\teste_nokia_5110.X.production.sym \
  --cmf=dist/default/production\teste_nokia_5110.X.production.cmf -z \
  -Q18F4550 -oC:\Users\Mathe\AppData\Local\Temp\xcAs9p8.4 \
  --defsym=__MPLAB_BUILD=1 \
  -Mdist/default/production/teste_nokia_5110.X.production.map -E1 \
  -ver=XC8 Compiler --acfsm=1493 -ASTACK=060h-061Fh -pstack=STACK \
  -ACODE=00h-07FFFh -ACONST=00h-07FFFh -ASMALLCONST=0800h-08FFhx120 \
  -AMEDIUMCONST=0800h-07FFFh -ACOMRAM=01h-05Fh -AABS1=00h-07FFh \
  -ABIGRAM=01h-07FFh -ARAM=060h-0FFh,0100h-01FFhx7 -ABANK0=060h-0FFh \
  -ABANK1=0100h-01FFh -ABANK2=0200h-02FFh -ABANK3=0300h-03FFh \
  -ABANK4=0400h-04FFh -ABANK5=0500h-05FFh -ABANK6=0600h-06FFh \
  -ABANK7=0700h-07FFh -ASFR=0F60h-0FFFh -ACONFIG=0300000h-030000Dh \
  -AIDLOC=0200000h-0200007h -AEEDATA=0F00000h-0F000FFh -peeprom_data=EEDATA \
  -preset_vec=00h,intcode,intcodelo,powerup,init -pramtop=0800h \
  -psmallconst=SMALLCONST -pmediumconst=MEDIUMCONST -pconst=CONST \
  -AFARRAM=00h-00h \
  -prdata=COMRAM,nvrram=COMRAM,nvbit=COMRAM,rbss=COMRAM,rbit=COMRAM \
  -pfarbss=FARRAM,fardata=FARRAM,nvFARRAM=FARRAM \
  -pintsave_regs=BIGRAM,bigbss=BIGRAM,bigdata=BIGRAM -pbss=RAM \
  -pidata=CODE,irdata=CODE,ibigdata=CODE,ifardata=CODE -prparam=COMRAM \
  C:\Users\Mathe\AppData\Local\Temp\xcAs9p8.o \
  dist/default/production\teste_nokia_5110.X.production.o 

Object code version is 3.11

Machine type is 18F4550



                Name                               Link     Load   Length Selector   Space Scale
C:\Users\Mathe\AppData\Local\Temp\xcAs9p8.o
                idloc                            200000   200000        8        0       5
                config                           300000   300000        E        0       4
                init                                  0        0        4        0       0
dist/default/production\teste_nokia_5110.X.production.o
                idloc                            200000   200000        8        0       5
                config                           300000   300000        E        0       4
                mediumconst                        7DC4     7DC4      23C     3EE2       0
                text18                             7274     7274       2E     393A       0
                text17                             7220     7220       1C     3910       0
                text16                             7200     7200       10     3900       0
                text15                             73E8     73E8       4A     39F4       0
                text14                             7530     7530       AA     3A98       0
                text13                             7210     7210       10     3908       0
                text12                             723C     723C       1C     391E       0
                text11                             7258     7258       1C     392C       0
                text10                             736C     736C       3C     39B6       0
                text9                              72A2     72A2       30     3951       0
                text8                              7484     7484       56     3A42       0
                text7                              7336     7336       36     399B       0
                text6                              75DA     75DA       BE     3AED       0
                text5                              7698     7698      128     3B4C       0
                text4                              7432     7432       52     3A19       0
                text3                              7302     7302       34     3981       0
                text2                              74DA     74DA       56     3A6D       0
                text1                              73A8     73A8       40     39D4       0
                text0                              79A0     79A0      424     3CD0       0
                cstackCOMRAM                          1        1        E        1       1
                dataBIGRAM                          620      620      1E0      620       1
                bssCOMRAM                             F        F        1        1       1
                cinit                              72D2     72D2       30     3969       0
                idataBIGRAM                        77C0     77C0      1E0     77C0       0

TOTAL           Name                               Link     Load   Length     Space
        CLASS   STACK          

        CLASS   CODE           
                init                                  0        0        4         0
                text18                             7274     7274       2E         0
                text17                             7220     7220       1C         0
                text16                             7200     7200       10         0
                text15                             73E8     73E8       4A         0
                text14                             7530     7530       AA         0
                text13                             7210     7210       10         0
                text12                             723C     723C       1C         0
                text11                             7258     7258       1C         0
                text10                             736C     736C       3C         0
                text9                              72A2     72A2       30         0
                text8                              7484     7484       56         0
                text7                              7336     7336       36         0
                text6                              75DA     75DA       BE         0
                text5                              7698     7698      128         0
                text4                              7432     7432       52         0
                text3                              7302     7302       34         0
                text2                              74DA     74DA       56         0
                text1                              73A8     73A8       40         0
                text0                              79A0     79A0      424         0
                cinit                              72D2     72D2       30         0
                idataBIGRAM                        77C0     77C0      1E0         0

        CLASS   CONST          

        CLASS   SMALLCONST     

        CLASS   MEDIUMCONST    
                mediumconst                        7DC4     7DC4      23C         0

        CLASS   COMRAM         
                cstackCOMRAM                          1        1        E         1
                bssCOMRAM                             F        F        1         1

        CLASS   ABS1           

        CLASS   BIGRAM         
                dataBIGRAM                          620      620      1E0         1

        CLASS   RAM            

        CLASS   BANK0          

        CLASS   BANK1          

        CLASS   BANK2          

        CLASS   BANK3          

        CLASS   BANK4          

        CLASS   BANK5          

        CLASS   BANK6          

        CLASS   BANK7          

        CLASS   SFR            

        CLASS   CONFIG         
                config                           300000   300000        E         4

        CLASS   IDLOC          
                idloc                            200000   200000        8         5

        CLASS   EEDATA         

        CLASS   FARRAM         



SEGMENTS        Name                           Load    Length   Top    Selector   Space  Class

                reset_vec                      000000  000004  000004         0       0  CODE    
                cstackCOMRAM                   000001  00000F  000010         1       1  COMRAM  
                dataBIGRAM                     000620  0001E0  000800       620       1  BIGRAM  
                text16                         007200  000010  007210      3900       0  CODE    
                text13                         007210  000010  007220      3908       0  CODE    
                text17                         007220  00001C  00723C      3910       0  CODE    
                text12                         00723C  00001C  007258      391E       0  CODE    
                text11                         007258  00001C  007274      392C       0  CODE    
                text18                         007274  00002E  0072A2      393A       0  CODE    
                text9                          0072A2  000030  0072D2      3951       0  CODE    
                cinit                          0072D2  000030  007302      3969       0  CODE    
                text3                          007302  000034  007336      3981       0  CODE    
                text7                          007336  000036  00736C      399B       0  CODE    
                text10                         00736C  00003C  0073A8      39B6       0  CODE    
                text1                          0073A8  000040  0073E8      39D4       0  CODE    
                text15                         0073E8  00004A  007432      39F4       0  CODE    
                text4                          007432  000052  007484      3A19       0  CODE    
                text8                          007484  000056  0074DA      3A42       0  CODE    
                text2                          0074DA  000056  007530      3A6D       0  CODE    
                text14                         007530  0000AA  0075DA      3A98       0  CODE    
                text6                          0075DA  0000BE  007698      3AED       0  CODE    
                text5                          007698  000128  0077C0      3B4C       0  CODE    
                idataBIGRAM                    0077C0  0001E0  0079A0      77C0       0  CODE    
                text0                          0079A0  000424  007DC4      3CD0       0  CODE    
                mediumconst                    007DC4  00023C  008000      3EE2       0  MEDIUMCO


UNUSED ADDRESS RANGES

        Name                Unused          Largest block    Delta
        BANK0            000060-0000FF               A0
        BANK1            000100-0001FF              100
        BANK2            000200-0002FF              100
        BANK3            000300-0003FF              100
        BANK4            000400-0004FF              100
        BANK5            000500-0005FF              100
        BANK6            000600-00061F               20
        BIGRAM           000010-00061F              610
        CODE             000004-0071FF             71FC
        COMRAM           000010-00005F               50
        CONST            000004-0071FF             71FC
        EEDATA           F00000-F000FF              100
        MEDIUMCONST      000800-0071FF             6A00
        RAM              000060-00061F              100
        SFR              000F60-000FFF               A0
        SMALLCONST       000800-0071FF              100
        STACK            000060-00061F              5C0

                                  Symbol Table

Envia_Dado@byte                    cstackCOMRAM 000002
Envia_Instrucao@comando            cstackCOMRAM 000002
Escrita_SPI@dado                   cstackCOMRAM 000001
Inicializa_SPI@f_amostra           cstackCOMRAM 000002
Inicializa_SPI@modo                cstackCOMRAM 000005
Inicializa_SPI@modo_clock          cstackCOMRAM 000001
_ADCON1                            (abs)        000FC1
_Envia_Dado                        text13       007210
_Envia_Instrucao                   text16       007200
_Escrita_SPI                       text17       007220
_Inic_Regs                         text18       007274
_Inicializa_5110                   text15       0073E8
_Inicializa_SPI                    text14       007530
_PIR1bits                          (abs)        000F9E
_PORTA                             (abs)        000F80
_PORTB                             (abs)        000F81
_PORTBbits                         (abs)        000F81
_PORTC                             (abs)        000F82
_PORTD                             (abs)        000F83
_PORTDbits                         (abs)        000F83
_PORTE                             (abs)        000F84
_PORTEbits                         (abs)        000F84
_SSPBUF                            (abs)        000FC9
_SSPCON1                           (abs)        000FC6
_SSPCON1bits                       (abs)        000FC6
_SSPSTAT                           (abs)        000FC7
_SSPSTATbits                       (abs)        000FC7
_TRISA                             (abs)        000F92
_TRISAbits                         (abs)        000F92
_TRISB                             (abs)        000F93
_TRISBbits                         (abs)        000F93
_TRISC                             (abs)        000F94
_TRISCbits                         (abs)        000F94
_TRISD                             (abs)        000F95
_TRISDbits                         (abs)        000F95
_TRISE                             (abs)        000F96
_TRISEbits                         (abs)        000F96
__HRAM                             (abs)        000000
__Habs1                            abs1         000000
__Hbank0                           bank0        000000
__Hbank1                           bank1        000000
__Hbank2                           bank2        000000
__Hbank3                           bank3        000000
__Hbank4                           bank4        000000
__Hbank5                           bank5        000000
__Hbank6                           bank6        000000
__Hbank7                           bank7        000000
__Hbigbss                          bigbss       000000
__Hbigdata                         bigdata      000000
__Hbigram                          bigram       000000
__Hbss                             bss          000000
__HbssCOMRAM                       bssCOMRAM    000000
__Hcinit                           cinit        000000
__Hclrtext                         clrtext      000000
__Hcomram                          comram       000000
__Hconfig                          config       30000E
__Hconst                           const        000000
__HcstackCOMRAM                    cstackCOMRAM 000000
__Hdata                            data         000000
__HdataBIGRAM                      dataBIGRAM   000000
__Heeprom_data                     eeprom_data  000000
__Hfarbss                          farbss       000000
__Hfardata                         fardata      000000
__Hibigdata                        ibigdata     000000
__Hidata                           idata        000000
__HidataBIGRAM                     idataBIGRAM  000000
__Hidloc                           idloc        200008
__Hifardata                        ifardata     000000
__Hinit                            init         000004
__Hintcode                         intcode      000000
__Hintcode_body                    intcode_body 000000
__Hintcodelo                       intcodelo    000000
__Hintentry                        intentry     000000
__Hintret                          intret       000000
__Hintsave_regs                    intsave_regs 000000
__Hirdata                          irdata       000000
__Hmediumconst                     mediumconst  008000
__HnvFARRAM                        nvFARRAM     000000
__Hnvbit                           nvbit        000000
__Hnvrram                          nvrram       000000
__Hparam                           rparam       000000
__Hpowerup                         powerup      000000
__Hram                             ram          000000
__Hramtop                          ramtop       000800
__Hrbit                            rbit         000000
__Hrbss                            rbss         000000
__Hrdata                           rdata        000000
__Hreset_vec                       reset_vec    000000
__Hrparam                          rparam       000000
__Hsfr                             sfr          000000
__Hsmallconst                      smallconst   000000
__Hspace_0                         (abs)        008000
__Hspace_1                         (abs)        000800
__Hspace_2                         (abs)        000000
__Hspace_4                         (abs)        60000E
__Hstack                           stack        000000
__Hstruct                          struct       000000
__Htemp                            temp         000000
__Htext                            text         000000
__Htext0                           text0        000000
__Htext1                           text1        000000
__Htext10                          text10       000000
__Htext11                          text11       000000
__Htext12                          text12       000000
__Htext13                          text13       000000
__Htext14                          text14       000000
__Htext15                          text15       000000
__Htext16                          text16       000000
__Htext17                          text17       000000
__Htext18                          text18       000000
__Htext2                           text2        000000
__Htext3                           text3        000000
__Htext4                           text4        000000
__Htext5                           text5        000000
__Htext6                           text6        000000
__Htext7                           text7        000000
__Htext8                           text8        000000
__Htext9                           text9        000000
__LRAM                             (abs)        000001
__Labs1                            abs1         000000
__Lbank0                           bank0        000000
__Lbank1                           bank1        000000
__Lbank2                           bank2        000000
__Lbank3                           bank3        000000
__Lbank4                           bank4        000000
__Lbank5                           bank5        000000
__Lbank6                           bank6        000000
__Lbank7                           bank7        000000
__Lbigbss                          bigbss       000000
__Lbigdata                         bigdata      000000
__Lbigram                          bigram       000000
__Lbss                             bss          000000
__LbssCOMRAM                       bssCOMRAM    000000
__Lcinit                           cinit        000000
__Lclrtext                         clrtext      000000
__Lcomram                          comram       000000
__Lconfig                          config       000000
__Lconst                           const        000000
__LcstackCOMRAM                    cstackCOMRAM 000000
__Ldata                            data         000000
__LdataBIGRAM                      dataBIGRAM   000000
__Leeprom_data                     eeprom_data  000000
__Lfarbss                          farbss       000000
__Lfardata                         fardata      000000
__Libigdata                        ibigdata     000000
__Lidata                           idata        000000
__LidataBIGRAM                     idataBIGRAM  000000
__Lidloc                           idloc        000000
__Lifardata                        ifardata     000000
__Linit                            init         000000
__Lintcode                         intcode      000000
__Lintcode_body                    intcode_body 000000
__Lintcodelo                       intcodelo    000000
__Lintentry                        intentry     000000
__Lintret                          intret       000000
__Lintsave_regs                    intsave_regs 000000
__Lirdata                          irdata       000000
__Lmediumconst                     mediumconst  007DC4
__LnvFARRAM                        nvFARRAM     000000
__Lnvbit                           nvbit        000000
__Lnvrram                          nvrram       000000
__Lparam                           rparam       000000
__Lpowerup                         powerup      000000
__Lram                             ram          000000
__Lramtop                          ramtop       000800
__Lrbit                            rbit         000000
__Lrbss                            rbss         000000
__Lrdata                           rdata        000000
__Lreset_vec                       reset_vec    000000
__Lrparam                          rparam       000000
__Lsfr                             sfr          000000
__Lsmallconst                      smallconst   000000
__Lspace_0                         (abs)        000000
__Lspace_1                         (abs)        000000
__Lspace_2                         (abs)        000000
__Lspace_4                         (abs)        000000
__Lstack                           stack        000000
__Lstruct                          struct       000000
__Ltemp                            temp         000000
__Ltext                            text         000000
__Ltext0                           text0        000000
__Ltext1                           text1        000000
__Ltext10                          text10       000000
__Ltext11                          text11       000000
__Ltext12                          text12       000000
__Ltext13                          text13       000000
__Ltext14                          text14       000000
__Ltext15                          text15       000000
__Ltext16                          text16       000000
__Ltext17                          text17       000000
__Ltext18                          text18       000000
__Ltext2                           text2        000000
__Ltext3                           text3        000000
__Ltext4                           text4        000000
__Ltext5                           text5        000000
__Ltext6                           text6        000000
__Ltext7                           text7        000000
__Ltext8                           text8        000000
__Ltext9                           text9        000000
__S0                               (abs)        008000
__S1                               (abs)        000800
__S2                               (abs)        000000
__S4                               (abs)        000000
__S5                               (abs)        000000
___inthi_sp                        stack        000000
___intlo_sp                        stack        000000
___param_bank                      (abs)        000000
___rparam_used                     (abs)        000001
___sp                              stack        000000
__accesstop                        (abs)        000060
__activetblptr                     (abs)        000002
__end_of_Envia_Dado                text13       007220
__end_of_Envia_Instrucao           text16       007210
__end_of_Escrita_SPI               text17       00723C
__end_of_Inic_Regs                 text18       0072A2
__end_of_Inicializa_5110           text15       007432
__end_of_Inicializa_SPI            text14       0075DA
__end_of__initialization           cinit        0072F8
__end_of_coordenada_x              text12       007258
__end_of_coordenada_y              text11       007274
__end_of_desenha_linha_horizontal  text9        0072D2
__end_of_desenha_linha_vertical    text10       0073A8
__end_of_escreve_caractere         text8        0074DA
__end_of_escreve_menu              text5        0077C0
__end_of_escreve_string            text7        00736C
__end_of_escreve_string_cor        text6        007698
__end_of_imagem                    mediumconst  007FBD
__end_of_imprime_imagem            text4        007484
__end_of_limpa_display             text3        007336
__end_of_main                      text0        007DC4
__end_of_testa_caracteres          text2        007530
__end_of_testa_display             text1        0073E8
__initialization                   cinit        0072D2
__mediumconst                      mediumconst  007DC4
__pbssCOMRAM                       bssCOMRAM    00000F
__pcinit                           cinit        0072D2
__pcstackCOMRAM                    cstackCOMRAM 000001
__pdataBIGRAM                      dataBIGRAM   000620
__pidataBIGRAM                     idataBIGRAM  0077C0
__pmediumconst                     mediumconst  007DC4
__ptext0                           text0        0079A0
__ptext1                           text1        0073A8
__ptext10                          text10       00736C
__ptext11                          text11       007258
__ptext12                          text12       00723C
__ptext13                          text13       007210
__ptext14                          text14       007530
__ptext15                          text15       0073E8
__ptext16                          text16       007200
__ptext17                          text17       007220
__ptext18                          text18       007274
__ptext2                           text2        0074DA
__ptext3                           text3        007302
__ptext4                           text4        007432
__ptext5                           text5        007698
__ptext6                           text6        0075DA
__ptext7                           text7        007336
__ptext8                           text8        007484
__ptext9                           text9        0072A2
__ramtop                           ramtop       000800
__size_of_Envia_Dado               (abs)        000000
__size_of_Envia_Instrucao          (abs)        000000
__size_of_Escrita_SPI              (abs)        000000
__size_of_Inic_Regs                (abs)        000000
__size_of_Inicializa_5110          (abs)        000000
__size_of_Inicializa_SPI           (abs)        000000
__size_of_coordenada_x             (abs)        000000
__size_of_coordenada_y             (abs)        000000
__size_of_desenha_linha_horizontal (abs)        000000
__size_of_desenha_linha_vertical   (abs)        000000
__size_of_escreve_caractere        (abs)        000000
__size_of_escreve_menu             (abs)        000000
__size_of_escreve_string           (abs)        000000
__size_of_escreve_string_cor       (abs)        000000
__size_of_imprime_imagem           (abs)        000000
__size_of_limpa_display            (abs)        000000
__size_of_main                     (abs)        000000
__size_of_testa_caracteres         (abs)        000000
__size_of_testa_display            (abs)        000000
__smallconst                       smallconst   000000
_coordenada_x                      text12       00723C
_coordenada_y                      text11       007258
_desenha_linha_horizontal          text9        0072A2
_desenha_linha_vertical            text10       00736C
_escreve_caractere                 text8        007484
_escreve_menu                      text5        007698
_escreve_string                    text7        007336
_escreve_string_cor                text6        0075DA
_imagem                            mediumconst  007DC5
_imprime_imagem                    text4        007432
_limpa_display                     text3        007302
_main                              text0        0079A0
_opcao                             bssCOMRAM    00000F
_tabela_ascii                      dataBIGRAM   000620
_testa_caracteres                  text2        0074DA
_testa_display                     text1        0073A8
coordenada_x@x                     cstackCOMRAM 000003
coordenada_y@y                     cstackCOMRAM 000003
desenha_linha_horizontal@linha     cstackCOMRAM 000006
desenha_linha_horizontal@posicao_x cstackCOMRAM 000005
desenha_linha_horizontal@posicao_y cstackCOMRAM 000004
desenha_linha_vertical@linha       cstackCOMRAM 000006
desenha_linha_vertical@posicao_x   cstackCOMRAM 000005
desenha_linha_vertical@posicao_y   cstackCOMRAM 000004
end_of_initialization              cinit        0072F8
escreve_caractere@caractere        cstackCOMRAM 000007
escreve_caractere@i                cstackCOMRAM 000008
escreve_string@string              cstackCOMRAM 000009
escreve_string_cor@caractere       cstackCOMRAM 00000A
escreve_string_cor@cor             cstackCOMRAM 000005
escreve_string_cor@i               cstackCOMRAM 00000B
escreve_string_cor@string          cstackCOMRAM 000003
imprime_imagem@imagem              cstackCOMRAM 000004
imprime_imagem@x                   cstackCOMRAM 000008
intlevel0                          text         000000
intlevel1                          text         000000
intlevel2                          text         000000
intlevel3                          text         000000
isa$std                            (abs)        000001
isa$xinst                          (abs)        000000
limpa_display@x                    cstackCOMRAM 000004
limpa_display@y                    cstackCOMRAM 000003
stackhi                            (abs)        00061F
stacklo                            (abs)        000060
start                              init         000000
start_initialization               cinit        0072D2
testa_caracteres@c                 cstackCOMRAM 000009
testa_display@x                    cstackCOMRAM 000005
testa_display@y                    cstackCOMRAM 000004


MODULE INFORMATION

Module		Function		Class		Link	Load	Size
teste_nokia_5110.c
		_escreve_menu  		CODE           	7698	0000	296
		_Inic_Regs     		CODE           	7274	0000	46
		_main          		CODE           	79A0	0000	1060

teste_nokia_5110.c estimated size: 1402

nokia_5110.c
		_testa_caracteres		CODE           	74DA	0000	86
		_desenha_linha_vertical		CODE           	736C	0000	60
		_limpa_display 		CODE           	7302	0000	52
		_Inicializa_5110		CODE           	73E8	0000	74
		_desenha_linha_horizontal		CODE           	72A2	0000	48
		_escreve_caractere		CODE           	7484	0000	86
		_escreve_string		CODE           	7336	0000	54
		_Envia_Instrucao		CODE           	7200	0000	16
		_Envia_Dado    		CODE           	7210	0000	16
		_imprime_imagem		CODE           	7432	0000	82
		_testa_display 		CODE           	73A8	0000	64
		_coordenada_x  		CODE           	723C	0000	28
		_coordenada_y  		CODE           	7258	0000	28
		_escreve_string_cor		CODE           	75DA	0000	190

nokia_5110.c estimated size: 884

spi.c
		_Escrita_SPI   		CODE           	7220	0000	28
		_Inicializa_SPI		CODE           	7530	0000	170

spi.c estimated size: 198

shared
		_imagem        		MEDIUMCONST    	7DC5	0000	504
		__initialization		CODE           	72D2	0000	38

shared estimated size: 542

