Microchip MPLAB XC8 Compiler V2.32

Linker command line:

-W-3 --edf=C:\Program Files\Microchip\xc8\v2.32\pic\dat\en_msgs.txt -cn \
  -h+dist/default/production\14-2-display-lcd.X.production.sym \
  --cmf=dist/default/production\14-2-display-lcd.X.production.cmf -z \
  -Q18F4550 -oC:\Users\Mathe\AppData\Local\Temp\xcAs95g.4 \
  --defsym=__MPLAB_BUILD=1 \
  -Mdist/default/production/14-2-display-lcd.X.production.map -E1 \
  -ver=XC8 Compiler --acfsm=1493 -ASTACK=060h-07FFh -pstack=STACK \
  -ACODE=00h-07FFFh -ACONST=00h-07FFFh -ASMALLCONST=0800h-08FFhx120 \
  -AMEDIUMCONST=0800h-07FFFh -ACOMRAM=01h-05Fh -AABS1=00h-07FFh \
  -ABIGRAM=01h-07FFh -ARAM=060h-0FFh,0100h-01FFhx7 -ABANK0=060h-0FFh \
  -ABANK1=0100h-01FFh -ABANK2=0200h-02FFh -ABANK3=0300h-03FFh \
  -ABANK4=0400h-04FFh -ABANK5=0500h-05FFh -ABANK6=0600h-06FFh \
  -ABANK7=0700h-07FFh -ASFR=0F60h-0FFFh -ACONFIG=0300000h-030000Dh \
  -AIDLOC=0200000h-0200007h -AEEDATA=0F00000h-0F000FFh -peeprom_data=EEDATA \
  -preset_vec=00h,intcode,intcodelo,powerup,init -pramtop=0800h \
  -psmallconst=SMALLCONST -pmediumconst=MEDIUMCONST -pconst=CONST \
  -AFARRAM=00h-00h \
  -prdata=COMRAM,nvrram=COMRAM,nvbit=COMRAM,rbss=COMRAM,rbit=COMRAM \
  -pfarbss=FARRAM,fardata=FARRAM,nvFARRAM=FARRAM \
  -pintsave_regs=BIGRAM,bigbss=BIGRAM,bigdata=BIGRAM -pbss=RAM \
  -pidata=CODE,irdata=CODE,ibigdata=CODE,ifardata=CODE -prparam=COMRAM \
  C:\Users\Mathe\AppData\Local\Temp\xcAs95g.o \
  dist/default/production\14-2-display-lcd.X.production.o 

Object code version is 3.11

Machine type is 18F4550



                Name                               Link     Load   Length Selector   Space Scale
C:\Users\Mathe\AppData\Local\Temp\xcAs95g.o
                idloc                            200000   200000        8        0       5
                config                           300000   300000        E        0       4
                init                                  0        0        4        0       0
dist/default/production\14-2-display-lcd.X.production.o
                idloc                            200000   200000        8        0       5
                config                           300000   300000        E        0       4
                smallconst                          800      800       6C      400       0
                text14                             10F6     10F6       24      436       0
                text13                              86C      86C      230      436       0
                text12                             111A     111A       1E      436       0
                text11                             1096     1096       36      436       0
                text10                             105A     105A       3C      436       0
                text9                              1138     1138       1C      436       0
                text8                               E4A      E4A       C2      436       0
                text7                              1154     1154       16      436       0
                text6                               D7C      D7C       CE      436       0
                text5                               F0C      F0C       9A      436       0
                text4                               A9C      A9C      18E      436       0
                text3                              101E     101E       3C      436       0
                text2                               FE2      FE2       3C      436       0
                text1                               FA6      FA6       3C      436       0
                text0                               C2A      C2A      152      436       0
                cstackCOMRAM                          1        1       18        1       1
                dataCOMRAM                           19       19        F        1       1
                cinit                              10CC     10CC       2A      436       0
                idataCOMRAM                        116A     116A        F      436       0

TOTAL           Name                               Link     Load   Length     Space
        CLASS   STACK          

        CLASS   CODE           
                init                                  0        0        4         0
                text14                             10F6     10F6       24         0
                text13                              86C      86C      230         0
                text12                             111A     111A       1E         0
                text11                             1096     1096       36         0
                text10                             105A     105A       3C         0
                text9                              1138     1138       1C         0
                text8                               E4A      E4A       C2         0
                text7                              1154     1154       16         0
                text6                               D7C      D7C       CE         0
                text5                               F0C      F0C       9A         0
                text4                               A9C      A9C      18E         0
                text3                              101E     101E       3C         0
                text2                               FE2      FE2       3C         0
                text1                               FA6      FA6       3C         0
                text0                               C2A      C2A      152         0
                cinit                              10CC     10CC       2A         0
                idataCOMRAM                        116A     116A        F         0

        CLASS   CONST          

        CLASS   SMALLCONST     
                smallconst                          800      800       6C         0

        CLASS   MEDIUMCONST    

        CLASS   COMRAM         
                cstackCOMRAM                          1        1       18         1
                dataCOMRAM                           19       19        F         1

        CLASS   ABS1           

        CLASS   BIGRAM         

        CLASS   RAM            

        CLASS   BANK0          

        CLASS   BANK1          

        CLASS   BANK2          

        CLASS   BANK3          

        CLASS   BANK4          

        CLASS   BANK5          

        CLASS   BANK6          

        CLASS   BANK7          

        CLASS   SFR            

        CLASS   CONFIG         
                config                           300000   300000        E         4

        CLASS   IDLOC          
                idloc                            200000   200000        8         5

        CLASS   EEDATA         

        CLASS   FARRAM         



SEGMENTS        Name                           Load    Length   Top    Selector   Space  Class

                reset_vec                      000000  000004  000004         0       0  CODE    
                cstackCOMRAM                   000001  000027  000028         1       1  COMRAM  
                smallconst                     000800  00006C  00086C       400       0  SMALLCON
                text13                         00086C  00090D  001179       436       0  CODE    


UNUSED ADDRESS RANGES

        Name                Unused          Largest block    Delta
        BANK0            000060-0000FF               A0
        BANK1            000100-0001FF              100
        BANK2            000200-0002FF              100
        BANK3            000300-0003FF              100
        BANK4            000400-0004FF              100
        BANK5            000500-0005FF              100
        BANK6            000600-0006FF              100
        BANK7            000700-0007FF              100
        BIGRAM           000028-0007FF              7D8
        CODE             000004-0007FF              7FC
                         001179-007FFF             6E87
        COMRAM           000028-00005F               38
        CONST            000004-0007FF              7FC
                         001179-007FFF             6E87
        EEDATA           F00000-F000FF              100
        MEDIUMCONST      001179-007FFF             6E87
        RAM              000060-0007FF              100
        SFR              000F60-000FFF               A0
        SMALLCONST       001179-007FFF              100
        STACK            000060-0007FF              7A0

                                  Symbol Table

_PORTBbits                         (abs)        000F81
_PORTCbits                         (abs)        000F82
_PORTDbits                         (abs)        000F83
_TRISA                             (abs)        000F92
_TRISB                             (abs)        000F93
_TRISC                             (abs)        000F94
_TRISD                             (abs)        000F95
_TRISDbits                         (abs)        000F95
_TRISE                             (abs)        000F96
__HRAM                             (abs)        000000
__Habs1                            abs1         000000
__Hbank0                           bank0        000000
__Hbank1                           bank1        000000
__Hbank2                           bank2        000000
__Hbank3                           bank3        000000
__Hbank4                           bank4        000000
__Hbank5                           bank5        000000
__Hbank6                           bank6        000000
__Hbank7                           bank7        000000
__Hbigbss                          bigbss       000000
__Hbigdata                         bigdata      000000
__Hbigram                          bigram       000000
__Hbss                             bss          000000
__Hcinit                           cinit        000000
__Hclrtext                         clrtext      000000
__Hcomram                          comram       000000
__Hconfig                          config       30000E
__Hconst                           const        000000
__HcstackCOMRAM                    cstackCOMRAM 000000
__Hdata                            data         000000
__HdataCOMRAM                      dataCOMRAM   000000
__Heeprom_data                     eeprom_data  000000
__Hfarbss                          farbss       000000
__Hfardata                         fardata      000000
__Hibigdata                        ibigdata     000000
__Hidata                           idata        000000
__HidataCOMRAM                     idataCOMRAM  000000
__Hidloc                           idloc        200008
__Hifardata                        ifardata     000000
__Hinit                            init         000004
__Hintcode                         intcode      000000
__Hintcode_body                    intcode_body 000000
__Hintcodelo                       intcodelo    000000
__Hintentry                        intentry     000000
__Hintret                          intret       000000
__Hintsave_regs                    intsave_regs 000000
__Hirdata                          irdata       000000
__Hmediumconst                     mediumconst  000000
__HnvFARRAM                        nvFARRAM     000000
__Hnvbit                           nvbit        000000
__Hnvrram                          nvrram       000000
__Hparam                           rparam       000000
__Hpowerup                         powerup      000000
__Hram                             ram          000000
__Hramtop                          ramtop       000800
__Hrbit                            rbit         000000
__Hrbss                            rbss         000000
__Hrdata                           rdata        000000
__Hreset_vec                       reset_vec    000000
__Hrparam                          rparam       000000
__Hsfr                             sfr          000000
__Hsmallconst                      smallconst   00086C
__Hspace_0                         (abs)        001179
__Hspace_1                         (abs)        000028
__Hspace_2                         (abs)        000000
__Hspace_4                         (abs)        60000E
__Hstack                           stack        000000
__Hstruct                          struct       000000
__Htemp                            temp         000000
__Htext                            text         000000
__Htext0                           text0        000000
__Htext1                           text1        000000
__Htext10                          text10       000000
__Htext11                          text11       000000
__Htext12                          text12       000000
__Htext13                          text13       000000
__Htext14                          text14       000000
__Htext2                           text2        000000
__Htext3                           text3        000000
__Htext4                           text4        000000
__Htext5                           text5        000000
__Htext6                           text6        000000
__Htext7                           text7        000000
__Htext8                           text8        000000
__Htext9                           text9        000000
__LRAM                             (abs)        000001
__Labs1                            abs1         000000
__Lbank0                           bank0        000000
__Lbank1                           bank1        000000
__Lbank2                           bank2        000000
__Lbank3                           bank3        000000
__Lbank4                           bank4        000000
__Lbank5                           bank5        000000
__Lbank6                           bank6        000000
__Lbank7                           bank7        000000
__Lbigbss                          bigbss       000000
__Lbigdata                         bigdata      000000
__Lbigram                          bigram       000000
__Lbss                             bss          000000
__Lcinit                           cinit        000000
__Lclrtext                         clrtext      000000
__Lcomram                          comram       000000
__Lconfig                          config       000000
__Lconst                           const        000000
__LcstackCOMRAM                    cstackCOMRAM 000000
__Ldata                            data         000000
__LdataCOMRAM                      dataCOMRAM   000000
__Leeprom_data                     eeprom_data  000000
__Lfarbss                          farbss       000000
__Lfardata                         fardata      000000
__Libigdata                        ibigdata     000000
__Lidata                           idata        000000
__LidataCOMRAM                     idataCOMRAM  000000
__Lidloc                           idloc        000000
__Lifardata                        ifardata     000000
__Linit                            init         000000
__Lintcode                         intcode      000000
__Lintcode_body                    intcode_body 000000
__Lintcodelo                       intcodelo    000000
__Lintentry                        intentry     000000
__Lintret                          intret       000000
__Lintsave_regs                    intsave_regs 000000
__Lirdata                          irdata       000000
__Lmediumconst                     mediumconst  000000
__LnvFARRAM                        nvFARRAM     000000
__Lnvbit                           nvbit        000000
__Lnvrram                          nvrram       000000
__Lparam                           rparam       000000
__Lpowerup                         powerup      000000
__Lram                             ram          000000
__Lramtop                          ramtop       000800
__Lrbit                            rbit         000000
__Lrbss                            rbss         000000
__Lrdata                           rdata        000000
__Lreset_vec                       reset_vec    000000
__Lrparam                          rparam       000000
__Lsfr                             sfr          000000
__Lsmallconst                      smallconst   000800
__Lspace_0                         (abs)        000000
__Lspace_1                         (abs)        000000
__Lspace_2                         (abs)        000000
__Lspace_4                         (abs)        000000
__Lstack                           stack        000000
__Lstruct                          struct       000000
__Ltemp                            temp         000000
__Ltext                            text         000000
__Ltext0                           text0        000000
__Ltext1                           text1        000000
__Ltext10                          text10       000000
__Ltext11                          text11       000000
__Ltext12                          text12       000000
__Ltext13                          text13       000000
__Ltext14                          text14       000000
__Ltext2                           text2        000000
__Ltext3                           text3        000000
__Ltext4                           text4        000000
__Ltext5                           text5        000000
__Ltext6                           text6        000000
__Ltext7                           text7        000000
__Ltext8                           text8        000000
__Ltext9                           text9        000000
__S0                               (abs)        001179
__S1                               (abs)        000028
__S2                               (abs)        000000
__S4                               (abs)        000000
__S5                               (abs)        000000
___inthi_sp                        stack        000000
___intlo_sp                        stack        000000
___param_bank                      (abs)        000000
___rparam_used                     (abs)        000001
___sp                              stack        000000
__accesstop                        (abs)        000060
__activetblptr                     (abs)        000002
__end_of__initialization           cinit        0010EC
__end_of_acertou_pergunta          text6        000E4A
__end_of_errou_pergunta            text5        000FA6
__end_of_gera_atraso_us            text14       00111A
__end_of_imprime_string_lcd        text11       0010CC
__end_of_lcd_LD_cursor             text10       001096
__end_of_lcd_envia_controle        text13       000A9C
__end_of_lcd_escreve_dado          text12       001138
__end_of_lcd_inicia                text4        000C2A
__end_of_lcd_limpa_tela            text9        001154
__end_of_lcd_posicao               text8        000F0C
__end_of_main                      text0        000D7C
__end_of_pergunta_1                text3        00105A
__end_of_pergunta_2                text2        00101E
__end_of_pergunta_3                text1        000FE2
__end_of_prepara_lcd               text7        00116A
__initialization                   cinit        0010CC
__mediumconst                      mediumconst  000000
__pcinit                           cinit        0010CC
__pcstackCOMRAM                    cstackCOMRAM 000001
__pdataCOMRAM                      dataCOMRAM   000019
__pidataCOMRAM                     idataCOMRAM  00116A
__psmallconst                      smallconst   000800
__ptext0                           text0        000C2A
__ptext1                           text1        000FA6
__ptext10                          text10       00105A
__ptext11                          text11       001096
__ptext12                          text12       00111A
__ptext13                          text13       00086C
__ptext14                          text14       0010F6
__ptext2                           text2        000FE2
__ptext3                           text3        00101E
__ptext4                           text4        000A9C
__ptext5                           text5        000F0C
__ptext6                           text6        000D7C
__ptext7                           text7        001154
__ptext8                           text8        000E4A
__ptext9                           text9        001138
__ramtop                           ramtop       000800
__size_of_acertou_pergunta         (abs)        000000
__size_of_errou_pergunta           (abs)        000000
__size_of_gera_atraso_us           (abs)        000000
__size_of_imprime_string_lcd       (abs)        000000
__size_of_lcd_LD_cursor            (abs)        000000
__size_of_lcd_envia_controle       (abs)        000000
__size_of_lcd_escreve_dado         (abs)        000000
__size_of_lcd_inicia               (abs)        000000
__size_of_lcd_limpa_tela           (abs)        000000
__size_of_lcd_posicao              (abs)        000000
__size_of_main                     (abs)        000000
__size_of_pergunta_1               (abs)        000000
__size_of_pergunta_2               (abs)        000000
__size_of_pergunta_3               (abs)        000000
__size_of_prepara_lcd              (abs)        000000
__smallconst                       smallconst   000800
_acertou_pergunta                  text6        000D7C
_errou_pergunta                    text5        000F0C
_gera_atraso_us                    text14       0010F6
_imprime_string_lcd                text11       001096
_lcd_LD_cursor                     text10       00105A
_lcd_envia_controle                text13       00086C
_lcd_escreve_dado                  text12       00111A
_lcd_inicia                        text4        000A9C
_lcd_limpa_tela                    text9        001138
_lcd_posicao                       text8        000E4A
_main                              text0        000C2A
_pergunta_1                        text3        00101E
_pergunta_2                        text2        000FE2
_pergunta_3                        text1        000FA6
_prepara_lcd                       text7        001154
end_of_initialization              cinit        0010EC
gera_atraso_us@atraso              cstackCOMRAM 000001
imprime_string_lcd@s_caracteres    cstackCOMRAM 00000D
intlevel0                          text         000000
intlevel1                          text         000000
intlevel2                          text         000000
intlevel3                          text         000000
isa$std                            (abs)        000001
isa$xinst                          (abs)        000000
lcd_LD_cursor@F3180                dataCOMRAM   00001F
lcd_LD_cursor@config               cstackCOMRAM 000011
lcd_LD_cursor@cursor               cstackCOMRAM 00000C
lcd_desloca_cursor@F3172           dataCOMRAM   000026
lcd_desloca_mensagem@F3176         dataCOMRAM   000024
lcd_envia_controle@atraso_us       cstackCOMRAM 000006
lcd_envia_controle@dado            cstackCOMRAM 000005
lcd_envia_controle@dado_entrada    cstackCOMRAM 00000B
lcd_envia_controle@escrita_leitura cstackCOMRAM 000003
lcd_envia_controle@instrucao_dado  cstackCOMRAM 00000A
lcd_escreve_dado@dado              cstackCOMRAM 00000C
lcd_inicia@F3198                   dataCOMRAM   000019
lcd_inicia@conf1                   cstackCOMRAM 00000F
lcd_inicia@conf2                   cstackCOMRAM 00000C
lcd_inicia@conf3                   cstackCOMRAM 00000D
lcd_inicia@config_LCD              cstackCOMRAM 000010
lcd_inicia@repeticao               cstackCOMRAM 000016
lcd_posicao@coluna                 cstackCOMRAM 00000C
lcd_posicao@linha                  cstackCOMRAM 00000F
stackhi                            (abs)        0007FF
stacklo                            (abs)        000060
start                              init         000000
start_initialization               cinit        0010CC


MODULE INFORMATION

Module		Function		Class		Link	Load	Size
./biblioteca_lcd_2x16.h
		_gera_atraso_us		CODE           	10F6	0000	36
		_lcd_posicao   		CODE           	0E4A	0000	194
		_imprime_string_lcd		CODE           	1096	0000	54
		_lcd_envia_controle		CODE           	086C	0000	560
		_lcd_limpa_tela		CODE           	1138	0000	28
		_lcd_LD_cursor 		CODE           	105A	0000	60
		_lcd_inicia    		CODE           	0A9C	0000	398
		_lcd_escreve_dado		CODE           	111A	0000	30

./biblioteca_lcd_2x16.h estimated size: 1360

shared
		__initialization		CODE           	10CC	0000	32

shared estimated size: 32

14-2-display-lcd.c
		_acertou_pergunta		CODE           	0D7C	0000	206
		_errou_pergunta		CODE           	0F0C	0000	154
		_main          		CODE           	0C2A	0000	338
		_prepara_lcd   		CODE           	1154	0000	22
		_pergunta_1    		CODE           	101E	0000	60
		_pergunta_2    		CODE           	0FE2	0000	60
		_pergunta_3    		CODE           	0FA6	0000	60

14-2-display-lcd.c estimated size: 900

